Addr  Instruction
   0 STRA 
   4 ADD $0, $v0, $v1
   8 SUB $v1, $v0, $a1
  12 FADD $0, $v0, $v1
  16 FSUB $v1, $v0, $a1
  20 AND $a0, $a1, $a0
  24 BOR $a2, $a3, $t0
  28 NOR $t1, $t2, $t3
  32 XOR $t4, $t5, $t6
  36 MUL $t7, $s0
  40 MFHI $s1
  44 MFLO $s2
  48 BOI $0, $s1, 0x1
  52 DIV $s2, $s1
  56 FMUL $s0, $s2, $s1
  60 FDIV $s0, $s2, $s1
  64 ADDI $0, $t5, 13
  68 ADD $t5, $t5, $t5
  72 ADD $t5, $t5, $t5
  76 ADDI $t5, $t5, 4
  80 JR $t5
  84 ADD $0, $0, $ra
  88 ANDI $a3, $a3, 0x8
  92 BOI $a3, $t0, 0x23ff
  96 XORI $t0, $a3, 0x567a
 100 BEQ $t0, $a3, 0	# offset is +0 bytes
 104 BNE $t0, $a3, 4	# offset is +16 bytes
 108 BGEZ $t0, 4	# offset is +16 bytes
 112 BGTZ $t1, 8	# offset is +32 bytes
 116 BLTZ $t2, 4	# offset is +16 bytes
 120 BLEZ $t1, 4	# offset is +16 bytes
 124 BFEQ $t0, $a3, 0	# offset is +0 bytes
 128 BFNE $t0, $a3, 4	# offset is +16 bytes
 132 BFGEZ $t0, 4	# offset is +16 bytes
 136 BFGTZ $t1, 8	# offset is +32 bytes
 140 BFLTZ $t2, 4	# offset is +16 bytes
 144 BFLEZ $t1, 4	# offset is +16 bytes
 148 ADDI $0, $fp, 100
 152 ADDI $0, $t1, 10
 156 SB $fp, $t1, 5	# offset is +20 bytes
 160 LBU $fp, $t0, 5	# offset is +20 bytes
 164 SW $fp, $t0, 8	# offset is +32 bytes
 168 LW $fp, $t1, 8	# offset is +32 bytes
 172 CVT $t3, $t2
 176 FSW $fp, $t3, 18	# offset is +72 bytes
 180 RND $t4, $t3
 184 FLW $fp, $t5, 18	# offset is +72 bytes
 188 ADD $0, $fp, $a0
 192 PSTR 
 196 PINT 
 200 PFLT 
 204 PCH 
 208 RCH 
 212 NOTR 
 216 EXIT 
    2048: 10	    2052: 0	...    2060: 16	
    2064: 3.141590	
